test_aggregate_counts_full_scope_not_top_k (test_agent.AgentTests.test_aggregate_counts_full_scope_not_top_k) ... ok
test_budget_halts_tool_loop (test_agent.AgentTests.test_budget_halts_tool_loop) ... ok
test_clarification_pauses (test_agent.AgentTests.test_clarification_pauses) ... ok
test_context_limit_before_model_call (test_agent.AgentTests.test_context_limit_before_model_call) ... ok
test_empty_scope_is_explicit (test_agent.AgentTests.test_empty_scope_is_explicit) ... ok
test_extract_requires_inspection (test_agent.AgentTests.test_extract_requires_inspection) ... ok
test_html_escapes_untrusted_source_and_question (test_agent.AgentTests.test_html_escapes_untrusted_source_and_question) ... ok
test_invalid_decision_retries_are_bounded (test_agent.AgentTests.test_invalid_decision_retries_are_bounded) ... ok
test_late_model_reply_is_not_executed (test_agent.AgentTests.test_late_model_reply_is_not_executed) ... ok
test_missing_citation_is_rejected_then_recovery_allowed (test_agent.AgentTests.test_missing_citation_is_rejected_then_recovery_allowed) ... ok
test_out_of_range_and_boolean_offsets_rejected (test_agent.AgentTests.test_out_of_range_and_boolean_offsets_rejected) ... ok
test_outside_scope_records_cannot_be_read_or_cited (test_agent.AgentTests.test_outside_scope_records_cannot_be_read_or_cited) ... ok
test_repeated_or_absent_quotes_rejected (test_agent.AgentTests.test_repeated_or_absent_quotes_rejected) ... ok
test_replay_failure_has_nonzero_cli_exit_and_report (test_agent.AgentTests.test_replay_failure_has_nonzero_cli_exit_and_report) ... ok
test_review_hash_binds_to_exact_run_and_events_append (test_agent.AgentTests.test_review_hash_binds_to_exact_run_and_events_append) ... ok
test_single_narrative_flow_and_unclassified_aggregate (test_agent.AgentTests.test_single_narrative_flow_and_unclassified_aggregate) ... ok
test_tool_can_refine_search_dynamically (test_agent.AgentTests.test_tool_can_refine_search_dynamically) ... ok
test_unique_quotes_resolve_to_exact_offsets (test_agent.AgentTests.test_unique_quotes_resolve_to_exact_offsets) ... ok
test_unknown_tool_cannot_run_commands (test_agent.AgentTests.test_unknown_tool_cannot_run_commands) ... ok
test_unsupported_action_status_rejected (test_agent.AgentTests.test_unsupported_action_status_rejected) ... ok
test_http_adapter_json_usage_and_redirect_rejection (test_agent.LocalTransportTests.test_http_adapter_json_usage_and_redirect_rejection) ... ok
test_nonlocal_and_credential_urls_rejected (test_agent.LocalTransportTests.test_nonlocal_and_credential_urls_rejected) ... ok
test_bad_profiles_rejected (test_agent.ProfileAndFilterTests.test_bad_profiles_rejected) ... ok
test_brief_honors_asset (test_agent.ProfileAndFilterTests.test_brief_honors_asset) ... ok
test_company_narrative_preserved_with_unknown_fields (test_agent.ProfileAndFilterTests.test_company_narrative_preserved_with_unknown_fields) ... ok
test_import_honors_scope (test_agent.ProfileAndFilterTests.test_import_honors_scope) ... ok
test_mapped_column_missing_and_duplicate_headers_rejected (test_agent.ProfileAndFilterTests.test_mapped_column_missing_and_duplicate_headers_rejected) ... ok
test_reversed_dates_rejected_in_all_commands (test_agent.ProfileAndFilterTests.test_reversed_dates_rejected_in_all_commands) ... ok
test_search_honors_inclusive_dates (test_agent.ProfileAndFilterTests.test_search_honors_inclusive_dates) ... ok
test_unsupported_flags_rejected (test_agent.ProfileAndFilterTests.test_unsupported_flags_rejected) ... ok
test_maintie_boolean_index_rejected (test_evaluation.AdapterTests.test_maintie_boolean_index_rejected) ... ok
test_maintie_invalid_relation_reference_rejected (test_evaluation.AdapterTests.test_maintie_invalid_relation_reference_rejected) ... ok
test_maintie_out_of_bounds_span_rejected (test_evaluation.AdapterTests.test_maintie_out_of_bounds_span_rejected) ... ok
test_maintie_schema_and_counts (test_evaluation.AdapterTests.test_maintie_schema_and_counts) ... ok
test_manifest_cannot_omit_evaluated_files (test_evaluation.AdapterTests.test_manifest_cannot_omit_evaluated_files) ... ok
test_norm_blank_separators_and_no_final_newline (test_evaluation.AdapterTests.test_norm_blank_separators_and_no_final_newline) ... ok
test_norm_empty_dataset_rejected (test_evaluation.AdapterTests.test_norm_empty_dataset_rejected) ... ok
test_norm_empty_target_and_empty_source (test_evaluation.AdapterTests.test_norm_empty_target_and_empty_source) ... ok
test_norm_malformed_row_rejected (test_evaluation.AdapterTests.test_norm_malformed_row_rejected) ... ok
test_overlap_filter_checks_all_companies_and_test_duplicates (test_evaluation.AdapterTests.test_overlap_filter_checks_all_companies_and_test_duplicates) ... ok
test_real_snapshot_integrity_and_tamper_detection (test_evaluation.AdapterTests.test_real_snapshot_integrity_and_tamper_detection) ... ok
test_casefold_is_a_separate_metric (test_evaluation.MetricTests.test_casefold_is_a_separate_metric) ... ok
test_correct_input_rewrite_is_collateral_error (test_evaluation.MetricTests.test_correct_input_rewrite_is_collateral_error) ... ok
test_correct_wrong_and_missed_corrections (test_evaluation.MetricTests.test_correct_wrong_and_missed_corrections) ... ok
test_empty_set_has_no_fabricated_scores (test_evaluation.MetricTests.test_empty_set_has_no_fabricated_scores) ... ok
test_identifier_rewrite_detected (test_evaluation.MetricTests.test_identifier_rewrite_detected) ... ok
test_identity_precision_undefined (test_evaluation.MetricTests.test_identity_precision_undefined) ... ok
test_insertions_and_deletions_remain_scored (test_evaluation.MetricTests.test_insertions_and_deletions_remain_scored) ... ok
test_masks_excluded_and_identifier_preservation_separate (test_evaluation.MetricTests.test_masks_excluded_and_identifier_preservation_separate) ... ok
test_no_corrections_needed_has_null_recall (test_evaluation.MetricTests.test_no_corrections_needed_has_null_recall) ... ok
test_source_signature_does_not_use_gold_labels (test_evaluation.MetricTests.test_source_signature_does_not_use_gold_labels) ... ok
test_wilson_bounds_and_empty (test_evaluation.MetricTests.test_wilson_bounds_and_empty) ... ok
test_brief_json_output (test_foundation.CliIntegrationTests.test_brief_json_output) ... ok
test_input_cannot_be_overwritten (test_foundation.CliIntegrationTests.test_input_cannot_be_overwritten) ... ok
test_missing_query_is_reported (test_foundation.CliIntegrationTests.test_missing_query_is_reported) ... ok
test_report_file_written (test_foundation.CliIntegrationTests.test_report_file_written) ... ok
test_blank_issue_rejected (test_foundation.IngestionTests.test_blank_issue_rejected) ... ok
test_bom_unicode_and_multiline (test_foundation.IngestionTests.test_bom_unicode_and_multiline) ... ok
test_compact_date_rejected (test_foundation.IngestionTests.test_compact_date_rejected) ... ok
test_content_hash_changes_with_source (test_foundation.IngestionTests.test_content_hash_changes_with_source) ... ok
test_data_kind_required_and_validated (test_foundation.IngestionTests.test_data_kind_required_and_validated) ... ok
test_duplicate_ids_rejected (test_foundation.IngestionTests.test_duplicate_ids_rejected) ... ok
test_empty_action_is_unknown (test_foundation.IngestionTests.test_empty_action_is_unknown) ... ok
test_empty_file_rejected (test_foundation.IngestionTests.test_empty_file_rejected) ... ok
test_extra_field_rejected (test_foundation.IngestionTests.test_extra_field_rejected) ... ok
test_header_only_rejected (test_foundation.IngestionTests.test_header_only_rejected) ... ok
test_invalid_date_rejected (test_foundation.IngestionTests.test_invalid_date_rejected) ... ok
test_invalid_utf8_rejected (test_foundation.IngestionTests.test_invalid_utf8_rejected) ... ok
test_missing_asset_rejected (test_foundation.IngestionTests.test_missing_asset_rejected) ... ok
test_source_and_raw_text_preserved (test_foundation.IngestionTests.test_source_and_raw_text_preserved) ... ok
test_wrong_columns_rejected (test_foundation.IngestionTests.test_wrong_columns_rejected) ... ok
test_dictionary_expansion (test_foundation.NormalizationTests.test_dictionary_expansion) ... ok
test_idempotent (test_foundation.NormalizationTests.test_idempotent) ... ok
test_identifiers_preserved (test_foundation.NormalizationTests.test_identifiers_preserved) ... ok
test_negation_preserved (test_foundation.NormalizationTests.test_negation_preserved) ... ok
test_unknown_terms_and_numbers_preserved (test_foundation.NormalizationTests.test_unknown_terms_and_numbers_preserved) ... ok
test_abbreviation_query_and_exact_asset_filter (test_foundation.RetrievalAndBriefTests.test_abbreviation_query_and_exact_asset_filter) ... ok
test_date_range_is_inclusive (test_foundation.RetrievalAndBriefTests.test_date_range_is_inclusive) ... ok
test_empty_window_not_confused_with_empty_import (test_foundation.RetrievalAndBriefTests.test_empty_window_not_confused_with_empty_import) ... ok
test_every_group_count_recomputed_from_evidence (test_foundation.RetrievalAndBriefTests.test_every_group_count_recomputed_from_evidence) ... ok
test_grouping_keeps_assets_components_and_negation_separate (test_foundation.RetrievalAndBriefTests.test_grouping_keeps_assets_components_and_negation_separate) ... ok
test_invalid_top_k_and_empty_query (test_foundation.RetrievalAndBriefTests.test_invalid_top_k_and_empty_query) ... ok
test_limit_and_determinism (test_foundation.RetrievalAndBriefTests.test_limit_and_determinism) ... ok
test_missing_asset_returns_no_hits (test_foundation.RetrievalAndBriefTests.test_missing_asset_returns_no_hits) ... ok
test_no_overlap_returns_no_hits (test_foundation.RetrievalAndBriefTests.test_no_overlap_returns_no_hits) ... ok
test_reversed_date_range_rejected (test_foundation.RetrievalAndBriefTests.test_reversed_date_range_rejected) ... ok
test_all_three_workflows_share_source_scope_and_oracle (test_revisions.ComparisonTests.test_all_three_workflows_share_source_scope_and_oracle) ... ok
test_fixed_model_context_has_no_oracle_labels (test_revisions.ComparisonTests.test_fixed_model_context_has_no_oracle_labels) ... ok
test_oracle_rejects_completed_but_wrong_result (test_revisions.ComparisonTests.test_oracle_rejects_completed_but_wrong_result) ... ok
test_oracle_rejects_wrong_aggregate_count (test_revisions.ComparisonTests.test_oracle_rejects_wrong_aggregate_count) ... ok
test_abstention_does_not_claim_completion (test_revisions.CompletionTests.test_abstention_does_not_claim_completion) ... ok
test_empty_after_nonempty_search_cannot_claim_no_matches (test_revisions.CompletionTests.test_empty_after_nonempty_search_cannot_claim_no_matches) ... ok
test_history_requires_aggregate (test_revisions.CompletionTests.test_history_requires_aggregate) ... ok
test_negative_problem_excerpt_cannot_drop_no (test_revisions.CompletionTests.test_negative_problem_excerpt_cannot_drop_no) ... ok
test_no_match_is_separate_from_ready_review (test_revisions.CompletionTests.test_no_match_is_separate_from_ready_review) ... ok
test_old_empty_finish_is_rejected (test_revisions.CompletionTests.test_old_empty_finish_is_rejected) ... ok
test_replay_has_zero_actual_model_calls (test_revisions.CompletionTests.test_replay_has_zero_actual_model_calls) ... ok
test_search_hits_must_be_inspected (test_revisions.CompletionTests.test_search_hits_must_be_inspected) ... ok
test_unsupported_verified_status_is_rejected (test_revisions.CompletionTests.test_unsupported_verified_status_is_rejected) ... ok
test_wrong_component_from_action_column_is_rejected (test_revisions.CompletionTests.test_wrong_component_from_action_column_is_rejected) ... ok
test_stalled_http_request_is_terminated (test_revisions.RequestDeadlineTests.test_stalled_http_request_is_terminated) ... ok
test_changed_source_rejects_reuse (test_revisions.ReviewReuseTests.test_changed_source_rejects_reuse) ... ok
test_component_action_phrase_rejected_in_narrative (test_revisions.ReviewReuseTests.test_component_action_phrase_rejected_in_narrative) ... ok
test_corrected_fields_feed_source_linked_brief (test_revisions.ReviewReuseTests.test_corrected_fields_feed_source_linked_brief) ... ok
test_invalid_correction_fails_before_database_write (test_revisions.ReviewReuseTests.test_invalid_correction_fails_before_database_write) ... ok
test_latest_rejection_invalidates_old_acceptance (test_revisions.ReviewReuseTests.test_latest_rejection_invalidates_old_acceptance) ... ok
test_partial_field_review_cannot_be_reused (test_revisions.ReviewReuseTests.test_partial_field_review_cannot_be_reused) ... ok
test_planned_quote_cannot_establish_completed_status (test_revisions.ReviewReuseTests.test_planned_quote_cannot_establish_completed_status) ... ok
test_record_acceptance_alone_never_promotes_fields (test_revisions.ReviewReuseTests.test_record_acceptance_alone_never_promotes_fields) ... ok
test_reviewed_brief_cli_accepts_original_report_reference (test_revisions.ReviewReuseTests.test_reviewed_brief_cli_accepts_original_report_reference) ... ok
test_unsupported_action_unknown_after_human_review (test_revisions.ReviewReuseTests.test_unsupported_action_unknown_after_human_review) ... ok
test_default_aliases_preserve_action_tense_and_identifiers (test_revisions.VocabularyTests.test_default_aliases_preserve_action_tense_and_identifiers) ... ok
test_training_conflicts_and_masked_identifiers_are_excluded (test_revisions.VocabularyTests.test_training_conflicts_and_masked_identifiers_are_excluded) ... ok

----------------------------------------------------------------------
Ran 113 tests in 1.849s

OK
